src/components/AppShell.tsx(171,38): error TS2345: Argument of type 'ComponentType<{ className?: string | undefined; }>' is not assignable to parameter of type 'LucideIcon'.
  Property '$$typeof' is missing in type 'ComponentClass<{ className?: string | undefined; }, any>' but required in type 'ForwardRefExoticComponent<Omit<LucideProps, "ref"> & RefAttributes<SVGSVGElement>>'.
src/components/AppShell.tsx(195,38): error TS2345: Argument of type 'ComponentType<{ className?: string | undefined; }>' is not assignable to parameter of type 'LucideIcon'.
  Property '$$typeof' is missing in type 'ComponentClass<{ className?: string | undefined; }, any>' but required in type 'ForwardRefExoticComponent<Omit<LucideProps, "ref"> & RefAttributes<SVGSVGElement>>'.
src/components/intel/IntelRepositoryView.tsx(162,16): error TS2741: Property 'search' is missing in type '{ children: Element[]; key: string; to: "/intel/$unitId"; params: { unitId: string; }; className: string; }' but required in type 'MakeRequiredSearchParams<RouterCore<Route<Register, any, "/", "/", string, "__root__", undefined, {}, { queryClient: QueryClient; }, AnyContext, AnyContext, ... 6 more ..., undefined>, "never", false, RouterHistory, Record<...>>, string, "/intel/$unitId">'.
src/components/intel/IntelSatelliteDrillDown.tsx(130,32): error TS2322: Type 'readonly ["Satellite Name", "Origin Country", "Launch Date", "Orbital Position", "Total Transponders"] | readonly ["Polarization", "Scan Start Date", "Frequencies Scanned", "Frequencies Analyzed", "Frequencies Pending"] | readonly [...] | readonly [...] | readonly [...]' is not assignable to type 'string[]'.
  The type 'readonly ["Satellite Name", "Origin Country", "Launch Date", "Orbital Position", "Total Transponders"]' is 'readonly' and cannot be assigned to the mutable type 'string[]'.
src/components/intel/IntelSatelliteDrillDown.tsx(130,43): error TS2322: Type 'readonly ["Example Satellite", "Country Name", "YYYY-MM-DD", "XX.X┬░E", "32"] | readonly ["V/H", "YYYY-MM-DD", "0", "0", "0"] | readonly ["14.500 GHz", "Voice", "Clear audio signal detected on uplink", "TDMA"] | readonly [...] | readonly [...]' is not assignable to type 'string[]'.
  The type 'readonly ["Example Satellite", "Country Name", "YYYY-MM-DD", "XX.X┬░E", "32"]' is 'readonly' and cannot be assigned to the mutable type 'string[]'.
src/components/intel/IntelSatelliteDrillDown.tsx(659,5): error TS2322: Type '{ id: string; isExtra: false; frequencyId: string; outputType: string; details: string; protocol: string; }[]' is not assignable to type 'MergedRow[]'.
  Type '{ id: string; isExtra: false; frequencyId: string; outputType: string; details: string; protocol: string; }' is not assignable to type 'MergedRow'.
    Type '{ id: string; isExtra: false; frequencyId: string; outputType: string; details: string; protocol: string; }' is not assignable to type 'Record<string, string>'.
      Property 'isExtra' is incompatible with index signature.
        Type 'boolean' is not assignable to type 'string'.
src/components/intel/IntelSatelliteDrillDown.tsx(670,5): error TS2322: Type '{ id: string; isExtra: false; frequencyId: string; level: string; protocol: string; remarks: string; }[]' is not assignable to type 'MergedRow[]'.
  Type '{ id: string; isExtra: false; frequencyId: string; level: string; protocol: string; remarks: string; }' is not assignable to type 'MergedRow'.
    Type '{ id: string; isExtra: false; frequencyId: string; level: string; protocol: string; remarks: string; }' is not assignable to type 'Record<string, string>'.
      Property 'isExtra' is incompatible with index signature.
        Type 'boolean' is not assignable to type 'string'.
src/components/intel/IntelSatelliteDrillDown.tsx(681,5): error TS2322: Type '{ id: string; isExtra: false; frequency: string; protocol: string; remarks: string; }[]' is not assignable to type 'MergedRow[]'.
  Type '{ id: string; isExtra: false; frequency: string; protocol: string; remarks: string; }' is not assignable to type 'MergedRow'.
    Type '{ id: string; isExtra: false; frequency: string; protocol: string; remarks: string; }' is not assignable to type 'Record<string, string>'.
      Property 'isExtra' is incompatible with index signature.
        Type 'boolean' is not assignable to type 'string'.
src/components/inventory/ResourceInventoryHome.tsx(196,7): error TS2322: Type '{ children: Element[]; title: string; subtitle: string; headerIcon: Element; horizontalNav: null; fillMain: true; }' is not assignable to type 'IntrinsicAttributes & { title?: string | undefined; subtitle?: string | undefined; headerIcon?: ReactNode; headerTitleClassName?: string | undefined; ... 9 more ...; children: ReactNode; }'.
  Property 'fillMain' does not exist on type 'IntrinsicAttributes & { title?: string | undefined; subtitle?: string | undefined; headerIcon?: ReactNode; headerTitleClassName?: string | undefined; ... 9 more ...; children: ReactNode; }'.
src/components/satellite-monitoring/ExecutiveDashboardOverview.tsx(56,7): error TS2322: Type '{ panel: DashboardPanel; }' is not assignable to type '{ unit: string | undefined; panel: DashboardPanel | undefined; } | ParamsReducerFn<RouterCore<Route<Register, any, "/", "/", string, "__root__", undefined, {}, { queryClient: QueryClient; }, ... 8 more ..., undefined>, "never", false, RouterHistory, Record<...>>, "SEARCH", string, "/">'.
  Property 'unit' is missing in type '{ panel: DashboardPanel; }' but required in type '{ unit: string | undefined; panel: DashboardPanel | undefined; }'.
src/components/satellite-monitoring/SatelliteMonitoringDashboard.tsx(44,8): error TS2741: Property 'search' is missing in type '{ children: (string | Element)[]; to: "/"; className: string; }' but required in type 'MakeRequiredSearchParams<RouterCore<Route<Register, any, "/", "/", string, "__root__", undefined, {}, { queryClient: QueryClient; }, AnyContext, AnyContext, ... 6 more ..., undefined>, "never", false, RouterHistory, Record<...>>, string, "/">'.
src/lib/intelAnalysisData.ts(330,53): error TS2345: Argument of type '{ id: string; code?: string | undefined; }[]' is not assignable to parameter of type '{ id: string; code: string; }[]'.
  Type '{ id: string; code?: string | undefined; }' is not assignable to type '{ id: string; code: string; }'.
    Types of property 'code' are incompatible.
      Type 'string | undefined' is not assignable to type 'string'.
        Type 'undefined' is not assignable to type 'string'.
src/lib/intelAnalysisData.ts(963,5): error TS2322: Type 'string[] | BeamVisibilityEntry[]' is not assignable to type 'string[]'.
  Type 'BeamVisibilityEntry[]' is not assignable to type 'string[]'.
    Type 'BeamVisibilityEntry' is not assignable to type 'string'.
src/routes/__root.tsx(46,12): error TS2741: Property 'search' is missing in type '{ children: string; to: "/"; className: string; }' but required in type 'MakeRequiredSearchParams<RouterCore<Route<Register, any, "/", "/", string, "__root__", undefined, {}, { queryClient: QueryClient; }, AnyContext, AnyContext, ... 6 more ..., undefined>, "never", false, RouterHistory, Record<...>>, string, "/">'.
src/routes/__root.tsx(96,12): error TS2741: Property 'search' is missing in type '{ children: string; to: "/"; className: string; }' but required in type 'MakeRequiredSearchParams<RouterCore<Route<Register, any, "/", "/", string, "__root__", undefined, {}, { queryClient: QueryClient; }, AnyContext, AnyContext, ... 6 more ..., undefined>, "never", false, RouterHistory, Record<...>>, string, "/">'.
src/routes/_authenticated/administrator.tsx(1,48): error TS2305: Module '"@tanstack/react-router"' has no exported member 'ComponentType'.
src/routes/_authenticated/administrator.tsx(19,71): error TS2677: A type predicate's type must be assignable to its parameter's type.
  Type 'ModuleScope' is not assignable to type '"priority" | "important" | "intel"'.
    Type '"visibility"' is not assignable to type '"priority" | "important" | "intel"'.
src/routes/_authenticated/administrator.tsx(35,9): error TS2367: This comparison appears to be unintentional because the types '"priority" | "important" | "intel" | undefined' and '"engagement"' have no overlap.
src/routes/_authenticated/administrator.tsx(36,22): error TS2345: Argument of type '{ to: "/"; }' is not assignable to parameter of type 'RedirectOptions<RouterCore<Route<Register, any, "/", "/", string, "__root__", undefined, {}, { queryClient: QueryClient; }, AnyContext, AnyContext, ... 6 more ..., undefined>, "never", false, RouterHistory, Record<...>>, string, "/", string, "">'.
  Property 'search' is missing in type '{ to: "/"; }' but required in type 'MakeRequiredSearchParams<RouterCore<Route<Register, any, "/", "/", string, "__root__", undefined, {}, { queryClient: QueryClient; }, AnyContext, AnyContext, ... 6 more ..., undefined>, "never", false, RouterHistory, Record<...>>, string, "/">'.
src/routes/_authenticated/administrator.tsx(95,9): error TS2322: Type '{ unit?: string | undefined; module?: "priority" | "important" | "intel" | undefined; }' is not assignable to type '{ unit: string | undefined; module: "priority" | "important" | "intel" | undefined; } | ParamsReducerFn<RouterCore<Route<Register, any, "/", "/", string, "__root__", undefined, {}, { queryClient: QueryClient; }, ... 8 more ..., undefined>, "never", false, RouterHistory, Record<...>>, "SEARCH", string, "/administrato...'.
  Type '{ unit?: string | undefined; module?: "priority" | "important" | "intel" | undefined; }' is not assignable to type '{ unit: string | undefined; module: "priority" | "important" | "intel" | undefined; }'.
    Property 'unit' is optional in type '{ unit?: string | undefined; module?: "priority" | "important" | "intel" | undefined; }' but required in type '{ unit: string | undefined; module: "priority" | "important" | "intel" | undefined; }'.
src/routes/_authenticated/administrator.tsx(110,25): error TS2322: Type 'ComponentType<{ className?: string | undefined; }>' is not assignable to type 'LucideIcon'.
  Property '$$typeof' is missing in type 'ComponentClass<{ className?: string | undefined; }, any>' but required in type 'ForwardRefExoticComponent<Omit<LucideProps, "ref"> & RefAttributes<SVGSVGElement>>'.
src/routes/_authenticated/control-center.tsx(59,47): error TS2322: Type '{ unit?: string | undefined; module?: "priority" | "important" | "intel" | undefined; }' is not assignable to type '{ unit: string | undefined; module: "priority" | "important" | "intel" | undefined; } | ParamsReducerFn<RouterCore<Route<Register, any, "/", "/", string, "__root__", undefined, {}, { queryClient: QueryClient; }, ... 8 more ..., undefined>, "never", false, RouterHistory, Record<...>>, "SEARCH", string, "/control-cent...'.
  Type '{ unit?: string | undefined; module?: "priority" | "important" | "intel" | undefined; }' is not assignable to type '{ unit: string | undefined; module: "priority" | "important" | "intel" | undefined; }'.
    Property 'unit' is optional in type '{ unit?: string | undefined; module?: "priority" | "important" | "intel" | undefined; }' but required in type '{ unit: string | undefined; module: "priority" | "important" | "intel" | undefined; }'.
src/routes/_authenticated/control-center.tsx(59,67): error TS2345: Argument of type '"engagement"' is not assignable to parameter of type '"priority" | "important" | "intel" | undefined'.
src/routes/_authenticated/control-center.tsx(1065,72): error TS2322: Type '{ unit?: string | undefined; module?: "priority" | "important" | "intel" | undefined; }' is not assignable to type 'true | { unit: string | undefined; module: "priority" | "important" | "intel" | undefined; } | ParamsReducerFn<RouterCore<Route<Register, any, "/", "/", string, "__root__", undefined, {}, ... 9 more ..., undefined>, "never", false, RouterHistory, Record<...>>, "SEARCH", "/control-center", string | undefined>'.
  Type '{ unit?: string | undefined; module?: "priority" | "important" | "intel" | undefined; }' is not assignable to type '{ unit: string | undefined; module: "priority" | "important" | "intel" | undefined; }'.
    Property 'unit' is optional in type '{ unit?: string | undefined; module?: "priority" | "important" | "intel" | undefined; }' but required in type '{ unit: string | undefined; module: "priority" | "important" | "intel" | undefined; }'.
src/routes/_authenticated/control-center.tsx(1065,92): error TS2345: Argument of type '"engagement"' is not assignable to parameter of type '"priority" | "important" | "intel" | undefined'.
src/routes/_authenticated/control-center.tsx(1117,70): error TS2322: Type '{ unit?: string | undefined; module?: "priority" | "important" | "intel" | undefined; }' is not assignable to type 'true | { unit: string | undefined; module: "priority" | "important" | "intel" | undefined; } | ParamsReducerFn<RouterCore<Route<Register, any, "/", "/", string, "__root__", undefined, {}, ... 9 more ..., undefined>, "never", false, RouterHistory, Record<...>>, "SEARCH", "/control-center", string | undefined>'.
  Type '{ unit?: string | undefined; module?: "priority" | "important" | "intel" | undefined; }' is not assignable to type '{ unit: string | undefined; module: "priority" | "important" | "intel" | undefined; }'.
    Property 'unit' is optional in type '{ unit?: string | undefined; module?: "priority" | "important" | "intel" | undefined; }' but required in type '{ unit: string | undefined; module: "priority" | "important" | "intel" | undefined; }'.
src/routes/_authenticated/control-center.tsx(1117,90): error TS2345: Argument of type '"engagement"' is not assignable to parameter of type '"priority" | "important" | "intel" | undefined'.
src/routes/_authenticated/engagement/index.tsx(10,20): error TS2345: Argument of type '{ to: "/"; }' is not assignable to parameter of type 'RedirectOptions<RouterCore<Route<Register, any, "/", "/", string, "__root__", undefined, {}, { queryClient: QueryClient; }, AnyContext, AnyContext, ... 6 more ..., undefined>, "never", false, RouterHistory, Record<...>>, string, "/", string, "">'.
  Property 'search' is missing in type '{ to: "/"; }' but required in type 'MakeRequiredSearchParams<RouterCore<Route<Register, any, "/", "/", string, "__root__", undefined, {}, { queryClient: QueryClient; }, AnyContext, AnyContext, ... 6 more ..., undefined>, "never", false, RouterHistory, Record<...>>, string, "/">'.
src/routes/_authenticated/important.tsx(63,44): error TS2322: Type '{ unit?: string | undefined; module?: "priority" | "important" | "intel" | undefined; }' is not assignable to type '{ unit: string | undefined; module: "priority" | "important" | "intel" | undefined; } | ParamsReducerFn<RouterCore<Route<Register, any, "/", "/", string, "__root__", undefined, {}, { queryClient: QueryClient; }, ... 8 more ..., undefined>, "never", false, RouterHistory, Record<...>>, "SEARCH", string, "/administrato...'.
  Type '{ unit?: string | undefined; module?: "priority" | "important" | "intel" | undefined; }' is not assignable to type '{ unit: string | undefined; module: "priority" | "important" | "intel" | undefined; }'.
    Property 'unit' is optional in type '{ unit?: string | undefined; module?: "priority" | "important" | "intel" | undefined; }' but required in type '{ unit: string | undefined; module: "priority" | "important" | "intel" | undefined; }'.
src/routes/_authenticated/intel.$unitId.$satelliteKey.tsx(246,7): error TS2322: Type '{ children: (false | Element)[]; title: string; pageTitle: string; showBack: true; backLink: { to: "/administrator"; search: { unit?: string | undefined; module?: "priority" | "important" | "intel" | undefined; }; }; headerIcon: Element; horizontalNav: null; }' is not assignable to type 'IntrinsicAttributes & { title?: string | undefined; subtitle?: string | undefined; headerIcon?: ReactNode; headerTitleClassName?: string | undefined; ... 9 more ...; children: ReactNode; }'.
  Property 'pageTitle' does not exist on type 'IntrinsicAttributes & { title?: string | undefined; subtitle?: string | undefined; headerIcon?: ReactNode; headerTitleClassName?: string | undefined; ... 9 more ...; children: ReactNode; }'.
src/routes/_authenticated/intel.$unitId.$satelliteKey.tsx(256,59): error TS2322: Type '{ module: "intel"; }' is not assignable to type '{ unit: string | undefined; module: "priority" | "important" | "intel" | undefined; } | ParamsReducerFn<RouterCore<Route<Register, any, "/", "/", string, "__root__", undefined, {}, { queryClient: QueryClient; }, ... 8 more ..., undefined>, "never", false, RouterHistory, Record<...>>, "SEARCH", string, "/administrato...'.
  Property 'unit' is missing in type '{ module: "intel"; }' but required in type '{ unit: string | undefined; module: "priority" | "important" | "intel" | undefined; }'.
src/routes/_authenticated/intel.$unitId.$satelliteKey.tsx(264,35): error TS2345: Argument of type '{ to: "/intel/$unitId"; params: { unitId: string; }; }' is not assignable to parameter of type 'NavigateOptions<RouterCore<Route<Register, any, "/", "/", string, "__root__", undefined, {}, { queryClient: QueryClient; }, AnyContext, AnyContext, ... 6 more ..., undefined>, "never", false, RouterHistory, Record<...>>, string, "/intel/$unitId", string, "">'.
  Property 'search' is missing in type '{ to: "/intel/$unitId"; params: { unitId: string; }; }' but required in type 'MakeRequiredSearchParams<RouterCore<Route<Register, any, "/", "/", string, "__root__", undefined, {}, { queryClient: QueryClient; }, AnyContext, AnyContext, ... 6 more ..., undefined>, "never", false, RouterHistory, Record<...>>, string, "/intel/$unitId">'.
src/routes/_authenticated/intel.$unitId.tsx(1027,7): error TS2322: Type '{ children: (Element | null)[]; title: string; pageTitle: string; showBack: true; backLink: { to: "/administrator"; search: { unit?: string | undefined; module?: "priority" | "important" | "intel" | undefined; }; }; headerIcon: Element; horizontalNav: null; }' is not assignable to type 'IntrinsicAttributes & { title?: string | undefined; subtitle?: string | undefined; headerIcon?: ReactNode; headerTitleClassName?: string | undefined; ... 9 more ...; children: ReactNode; }'.
  Property 'pageTitle' does not exist on type 'IntrinsicAttributes & { title?: string | undefined; subtitle?: string | undefined; headerIcon?: ReactNode; headerTitleClassName?: string | undefined; ... 9 more ...; children: ReactNode; }'.
src/routes/_authenticated/intel.$unitId.tsx(1037,61): error TS2322: Type '{ module: "intel"; }' is not assignable to type '{ unit: string | undefined; module: "priority" | "important" | "intel" | undefined; } | ParamsReducerFn<RouterCore<Route<Register, any, "/", "/", string, "__root__", undefined, {}, { queryClient: QueryClient; }, ... 8 more ..., undefined>, "never", false, RouterHistory, Record<...>>, "SEARCH", string, "/administrato...'.
  Property 'unit' is missing in type '{ module: "intel"; }' but required in type '{ unit: string | undefined; module: "priority" | "important" | "intel" | undefined; }'.
src/routes/_authenticated/intel.index.tsx(6,44): error TS2322: Type '{ unit?: string | undefined; module?: "priority" | "important" | "intel" | undefined; }' is not assignable to type '{ unit: string | undefined; module: "priority" | "important" | "intel" | undefined; } | ParamsReducerFn<RouterCore<Route<Register, any, "/", "/", string, "__root__", undefined, {}, { queryClient: QueryClient; }, ... 8 more ..., undefined>, "never", false, RouterHistory, Record<...>>, "SEARCH", string, "/administrato...'.
  Type '{ unit?: string | undefined; module?: "priority" | "important" | "intel" | undefined; }' is not assignable to type '{ unit: string | undefined; module: "priority" | "important" | "intel" | undefined; }'.
    Property 'unit' is optional in type '{ unit?: string | undefined; module?: "priority" | "important" | "intel" | undefined; }' but required in type '{ unit: string | undefined; module: "priority" | "important" | "intel" | undefined; }'.
src/routes/_authenticated/inventory/$unitId/$categoryId/$equipmentId.tsx(143,9): error TS2322: Type '{ children: Element; title: string; pageTitle: string; headerIcon: Element; showBack: true; horizontalNav: null; }' is not assignable to type 'IntrinsicAttributes & { title?: string | undefined; subtitle?: string | undefined; headerIcon?: ReactNode; headerTitleClassName?: string | undefined; ... 9 more ...; children: ReactNode; }'.
  Property 'pageTitle' does not exist on type 'IntrinsicAttributes & { title?: string | undefined; subtitle?: string | undefined; headerIcon?: ReactNode; headerTitleClassName?: string | undefined; ... 9 more ...; children: ReactNode; }'.
src/routes/_authenticated/inventory/$unitId/$categoryId/$equipmentId.tsx(155,7): error TS2322: Type '{ children: Element[]; title: string; pageTitle: string; headerIcon: Element; showBack: true; horizontalNav: null; actions: Element | null; }' is not assignable to type 'IntrinsicAttributes & { title?: string | undefined; subtitle?: string | undefined; headerIcon?: ReactNode; headerTitleClassName?: string | undefined; ... 9 more ...; children: ReactNode; }'.
  Property 'pageTitle' does not exist on type 'IntrinsicAttributes & { title?: string | undefined; subtitle?: string | undefined; headerIcon?: ReactNode; headerTitleClassName?: string | undefined; ... 9 more ...; children: ReactNode; }'.
src/routes/_authenticated/inventory/$unitId/$categoryId/index.tsx(149,7): error TS2322: Type '{ children: (false | Element)[]; title: string; pageTitle: string; headerIcon: Element; showBack: true; horizontalNav: null; actions: Element; }' is not assignable to type 'IntrinsicAttributes & { title?: string | undefined; subtitle?: string | undefined; headerIcon?: ReactNode; headerTitleClassName?: string | undefined; ... 9 more ...; children: ReactNode; }'.
  Property 'pageTitle' does not exist on type 'IntrinsicAttributes & { title?: string | undefined; subtitle?: string | undefined; headerIcon?: ReactNode; headerTitleClassName?: string | undefined; ... 9 more ...; children: ReactNode; }'.
src/routes/_authenticated/inventory/$unitId/$categoryId/index.tsx(405,66): error TS2345: Argument of type 'string | undefined' is not assignable to parameter of type 'Serviceability'.
  Type 'undefined' is not assignable to type 'Serviceability'.
src/routes/_authenticated/inventory/$unitId/$categoryId/index.tsx(497,9): error TS2322: Type 'string | undefined' is not assignable to type 'OpServiceability | undefined'.
  Type 'string' is not assignable to type 'OpServiceability | undefined'.
src/routes/_authenticated/inventory/$unitId/index.tsx(58,7): error TS2322: Type '{ children: Element; title: string; pageTitle: string | undefined; headerIcon: Element; showBack: true; horizontalNav: null; }' is not assignable to type 'IntrinsicAttributes & { title?: string | undefined; subtitle?: string | undefined; headerIcon?: ReactNode; headerTitleClassName?: string | undefined; ... 9 more ...; children: ReactNode; }'.
  Property 'pageTitle' does not exist on type 'IntrinsicAttributes & { title?: string | undefined; subtitle?: string | undefined; headerIcon?: ReactNode; headerTitleClassName?: string | undefined; ... 9 more ...; children: ReactNode; }'.
src/routes/_authenticated/priority/$unitId.tsx(284,7): error TS2322: Type '{ children: Element[]; title: string; pageTitle: string; headerIcon: Element; showBack: true; backLink: { to: "/administrator"; search: { unit?: string | undefined; module?: "priority" | "important" | "intel" | undefined; }; }; horizontalNav: null; }' is not assignable to type 'IntrinsicAttributes & { title?: string | undefined; subtitle?: string | undefined; headerIcon?: ReactNode; headerTitleClassName?: string | undefined; ... 9 more ...; children: ReactNode; }'.
  Property 'pageTitle' does not exist on type 'IntrinsicAttributes & { title?: string | undefined; subtitle?: string | undefined; headerIcon?: ReactNode; headerTitleClassName?: string | undefined; ... 9 more ...; children: ReactNode; }'.
src/routes/_authenticated/priority/index.tsx(5,44): error TS2322: Type '{ module: "priority"; }' is not assignable to type '{ unit: string | undefined; module: "priority" | "important" | "intel" | undefined; } | ParamsReducerFn<RouterCore<Route<Register, any, "/", "/", string, "__root__", undefined, {}, { queryClient: QueryClient; }, ... 8 more ..., undefined>, "never", false, RouterHistory, Record<...>>, "SEARCH", string, "/administrato...'.
  Property 'unit' is missing in type '{ module: "priority"; }' but required in type '{ unit: string | undefined; module: "priority" | "important" | "intel" | undefined; }'.
src/routes/auth.tsx(76,14): error TS2345: Argument of type '{ to: "/"; }' is not assignable to parameter of type 'NavigateOptions<RouterCore<Route<Register, any, "/", "/", string, "__root__", undefined, {}, { queryClient: QueryClient; }, AnyContext, AnyContext, ... 6 more ..., undefined>, "never", false, RouterHistory, Record<...>>, string, "/", string, "">'.
  Property 'search' is missing in type '{ to: "/"; }' but required in type 'MakeRequiredSearchParams<RouterCore<Route<Register, any, "/", "/", string, "__root__", undefined, {}, { queryClient: QueryClient; }, AnyContext, AnyContext, ... 6 more ..., undefined>, "never", false, RouterHistory, Record<...>>, string, "/">'.
src/routes/auth.tsx(116,14): error TS2345: Argument of type '{ to: "/"; }' is not assignable to parameter of type 'NavigateOptions<RouterCore<Route<Register, any, "/", "/", string, "__root__", undefined, {}, { queryClient: QueryClient; }, AnyContext, AnyContext, ... 6 more ..., undefined>, "never", false, RouterHistory, Record<...>>, string, "/", string, "">'.
  Property 'search' is missing in type '{ to: "/"; }' but required in type 'MakeRequiredSearchParams<RouterCore<Route<Register, any, "/", "/", string, "__root__", undefined, {}, { queryClient: QueryClient; }, AnyContext, AnyContext, ... 6 more ..., undefined>, "never", false, RouterHistory, Record<...>>, string, "/">'.
